// Jest Snapshot v1, https://goo.gl/fbAQLP

exports[`Global Styles should apply global styles correctly 1`] = `<div />`;
